The: 47
kernel: 116
is: 140
a: 228
computer: 14
program: 16
at: 28
the: 435
core: 4
of: 243
operating: 65
system: 78
and: 161
generally: 6
has: 15
complete: 3
control: 4
over: 4
everything: 2
in: 143
system.: 11
also: 20
responsible: 5
for: 71
preventing: 3
conflicts: 2
between: 22
different: 14
processes.: 2
It: 9
code: 19
that: 73
always: 3
memory: 49
interactions: 2
hardware: 23
software: 7
A: 17
full: 3
controls: 2
all: 20
resources: 5
(e.g.: 2
memory,: 8
via: 3
device: 23
drivers,: 2
processes: 13
such: 34
common: 9
e.g.: 3
CPU: 6
file: 12
systems,: 17
network: 7
On: 3
most: 17
one: 22
first: 9
programs: 16
loaded: 6
on: 34
startup: 3
handles: 2
rest: 3
as: 78
well: 8
input/output: 2
requests: 8
from: 38
them: 5
into: 12
instructions: 3
central: 2
processing: 2
unit.: 2
critical: 5
usually: 6
separate: 8
area: 3
which: 45
protected: 5
access: 25
by: 51
application: 20
or: 51
other: 23
parts: 5
performs: 5
its: 12
running: 17
processes,: 4
devices: 12
hard: 2
handling: 2
this: 24
space.: 6
In: 19
processors,: 2
video: 6
use: 26
user: 22
This: 27
separation: 5
prevents: 2
data: 14
with: 54
each: 15
causing: 3
applications: 15
crashing: 2
entire: 6
Even: 3
systems: 29
where: 10
included: 2
address: 19
spaces,: 2
protection: 23
used: 11
to: 255
prevent: 3
kernel.: 15
kernel's: 4
interface: 10
low-level: 3
abstraction: 6
layer.: 2
When: 6
process: 16
service: 4
kernel,: 13
it: 43
must: 9
invoke: 2
through: 10
There: 3
are: 73
architecture: 5
designs.: 2
Monolithic: 4
kernels: 40
run: 11
entirely: 2
single: 3
space: 9
executing: 2
supervisor: 9
mode,: 3
mainly: 2
Microkernels: 3
but: 22
not: 38
their: 19
services: 11
space,: 3
like: 11
example: 7
microkernel: 21
design.: 2
Linux: 10
although: 3
can: 36
remove: 2
loadable: 2
modules: 9
runtime.: 2
programs.: 5
responsibility: 3
deciding: 2
any: 6
time: 10
many: 12
should: 4
be: 63
processor: 5
==: 30
Random-access: 2
store: 2
both: 7
data.: 2
need: 9
present: 2
order: 3
Often: 3
multiple: 3
will: 6
want: 2
frequently: 3
more: 20
than: 12
available.: 4
use,: 3
what: 11
do: 6
when: 9
enough: 2
I/O: 8
limited: 2
peripherals: 2
disk: 5
printers,: 2
devices,: 2
display: 2
devices.: 3
provides: 5
methods: 2
these: 16
typically: 5
abstracted: 2
so: 4
implementation: 7
management: 14
aspects: 2
necessary: 3
resource: 2
defining: 3
execution: 4
space): 2
mechanism: 9
within: 6
Kernels: 2
provide: 17
inter-process: 6
communication: 7
(IPC).: 2
These: 8
implementations: 2
may: 20
itself: 4
rely: 2
Although: 5
IPC: 4
provided: 11
method: 3
make: 6
context: 4
switching: 3
system's: 2
allow: 7
safely: 2
they: 17
require: 6
doing: 2
virtual: 9
addressing,: 2
and/or: 3
Virtual: 5
addressing: 4
allows: 8
given: 2
physical: 2
another: 5
address,: 2
address.: 2
spaces: 2
accesses: 4
particular: 6
same: 10
every: 8
if: 12
only: 9
kernel): 3
thus: 3
currently: 3
memory.: 3
would: 10
have: 22
main: 4
As: 9
result,: 2
physically: 2
needs: 6
writing: 2
an: 44
requested: 2
program.: 3
then: 8
point: 7
was: 27
scheme: 3
known: 5
demand: 2
two: 6
being: 6
(kernel: 3
permitted: 4
fundamental: 2
much: 3
current: 5
designs: 3
actual: 2
general-purpose: 2
almost: 2
some: 24
(e.g.,: 4
take: 3
Device: 4
To: 3
perform: 8
useful: 2
connected: 2
computer,: 2
drivers.: 3
driver: 9
OS.: 3
API,: 3
information: 3
about: 3
how: 3
communicate: 3
hardware.: 3
drivers: 11
important: 4
OS: 7
applications.: 3
design: 17
function: 6
abstract: 2
calls: 10
calls.: 6
work: 8
driver.: 2
cards,: 2
level,: 3
abstractions: 5
include:: 4
directly: 4
Using: 7
high-level: 5
using: 11
drivers): 2
hardware,: 9
while: 7
something: 3
direct: 3
Only: 3
primitives: 3
Implementing: 2
language: 6
example,: 4
request: 8
driver,: 3
actually: 3
maintain: 6
list: 5
available: 6
embedded: 4
rewritten: 2
PCs: 2
designed: 7
personal: 2
called: 14
very: 11
handled: 3
differently: 2
design,: 3
port: 3
decisions: 2
made: 3
system,: 10
making: 2
operation: 4
easily: 2
significant: 2
performance: 10
System: 5
call: 10
does: 7
normally: 4
permission: 2
Most: 5
operations: 8
user-level: 3
performed: 4
requires: 5
They: 7
causes: 3
mode.: 6
An: 7
mode: 3
actions: 2
library: 7
normal: 2
C: 2
Windows: 14
details: 2
passing: 5
include: 4
read,: 2
wait: 2
able: 4
implemented: 9
turn: 2
isolation: 3
impossible: 2
directly,: 2
because: 10
few: 2
are:: 4
therefore: 3
common.: 2
special: 5
stored: 3
location: 3
processor.: 2
instead: 3
without: 4
support,: 3
quite: 2
architectures: 3
been: 5
however,: 2
large: 5
result: 2
Kernel: 3
===: 36
support: 10
malicious: 2
clearly: 2
distinction: 2
leads: 2
hierarchical: 6
structure: 4
mechanisms: 6
policies: 5
according: 2
several: 5
static: 2
(enforced: 2
pre-emptive: 2
whether: 3
supported: 2
domains: 2
Many: 5
objects: 4
underlying: 2
object: 4
operations,: 2
including: 3
allowed: 4
read: 2
checks: 3
Such: 2
efficient: 5
simple: 3
way: 3
capabilities: 5
delegate: 2
access,: 2
capability-based: 3
commercial: 3
lack: 5
alternative: 3
approach: 16
simulate: 2
approach,: 3
capability: 3
(either: 2
delegating: 2
cost: 2
complex: 3
accessed: 2
firmware: 2
possible: 9
higher: 2
there: 5
language-based: 8
levels: 2
security: 14
(see: 3
build: 2
policy: 7
top: 4
features: 3
compiler.: 2
level: 6
often: 6
security.: 2
fact,: 5
protection,: 2
====: 4
today: 2
write: 2
spaces.: 2
execute: 3
trusted: 2
No: 2
Switching: 2
slow: 2
unnecessary: 2
switches: 3
systems.: 5
completely: 3
operate: 2
programming: 2
new: 4
time.: 2
verified: 2
started: 2
correct: 2
recompiling: 2
type: 2
traditional: 5
cannot: 3
Process: 2
binary: 2
functionality: 4
terms: 2
safety: 2
message: 7
number: 5
approaches: 2
modern: 4
providing: 4
shared: 3
Brinch: 2
Hansen: 2
(although: 2
similar: 6
were: 14
this,: 4
allowing: 3
controller: 2
cause: 2
crash.: 2
With: 2
device,: 2
get: 4
program,: 3
Because: 2
manage: 2
done: 5
various: 3
(such: 3
active: 4
out: 5
tasks: 3
ways: 2
differ: 2
substantial: 2
philosophy: 2
micro: 8
monolithic: 34
kernels.: 10
policies,: 3
server: 4
minimal: 3
just: 2
basic: 5
remaining: 2
part: 8
management,: 4
high: 2
scheduling,: 2
tends: 2
them.: 2
presented: 2
properly: 2
major: 7
existing: 2
problem: 3
architecture.: 2
mode": 4
architectural: 3
conventional: 2
module: 6
"privileged: 2
issue: 2
fact: 2
together: 2
While: 2
space),: 2
microkernels: 11
modularity: 3
fit: 2
rather: 4
hybrid: 4
More: 3
exokernels: 2
production: 2
rich: 2
powerful: 2
Thompson: 2
stated: 2
easier: 4
implement: 3
disadvantages: 3
-: 10
bug: 3
might: 4
crash: 2
become: 4
difficult: 4
kernels,: 5
traditionally: 2
Unix-like: 2
functions: 4
contains: 2
put: 2
space:: 3
scheduler,: 3
handling,: 3
stacks.: 2
those: 6
general: 3
Modern: 2
extension: 2
required,: 2
subsystem: 2
copy: 2
extremely: 4
small: 10
ability: 3
dynamically: 3
load: 4
ease: 2
utilities: 2
still: 4
popular: 2
led: 3
types: 5
set: 4
servers: 3
since: 2
totally: 2
integration: 2
bring: 2
down: 3
term: 2
moved: 2
"user: 2
specific: 3
consists: 2
Other: 3
user-space: 2
programs,: 2
referred: 3
servers.: 2
overhead: 3
now: 4
whereby: 2
microkernel,: 6
(not: 2
necessarily: 2
Some: 4
QNX: 4
tested: 2
instance,: 3
development: 8
reboot: 2
general,: 2
basis: 2
microkernel.: 3
needs,: 2
MINIX,: 2
required: 3
creates: 2
error: 2
However,: 3
whole: 4
networking: 3
modified: 2
starting: 2
For: 2
machine: 3
comparison: 2
potential: 2
bugs: 2
due: 3
longer: 2
versus: 3
single-purpose: 2
(and: 2
among: 2
computing: 3
support.: 2
reduce: 2
lines: 2
code.: 2
early: 5
1990s,: 2
microkernels,: 2
considered: 3
virtually: 2
Andrew: 3
developers: 6
increase: 2
model: 3
based: 4
poor: 2
1980s: 2
did: 2
reasons: 2
left: 2
increased: 5
frequency: 3
manipulate: 3
Hybrid: 3
(or: 2
Microsoft: 4
NT: 6
own: 2
macOS: 3
uses: 3
Mach: 3
advantages: 2
implies: 2
adding: 4
modular: 3
essentially: 2
built: 2
people: 2
confused: 2
Faster: 2
modules.: 2
flexibility: 2
nanokernel: 2
even: 2
smaller: 2
Exokernels: 3
no: 3
particularly: 2
computer.: 2
executed: 2
"bare: 2
metal": 2
computers: 5
during: 3
developed,: 2
became: 3
introduced: 2
could: 2
Unix,: 3
had: 2
One: 2
developments: 2
users: 5
time-sharing: 2
terminal: 2
Amiga: 2
released: 2
Unix: 6
programmers: 2
file,: 2
printed: 2
lower: 2
files: 2
dramatically: 2
series: 2
end: 2
utility: 2
up: 2
byte: 2
Linux,: 2
GNU,: 2
IBM: 3
FreeBSD,: 2
Mac: 4
Apple: 2
created: 3
line: 4
9x: 2
release: 3
developed: 3
regulates: 2
L4: 3
Operating: 3
S.: 3
Tanenbaum,: 2
Design: 2
(Third: 2
edition);: 3
Computer: 2
edition),: 2
(ISBN: 2

7944 kernel.txt

