MissingNo.: 28
is: 14
a: 41
glitch: 8
and: 39
an: 15
Pokemon: 31
species: 2
found: 2
in: 35
the: 103
video: 9
games: 7
Red: 5
Due: 2
to: 46
of: 51
certain: 2
in-game: 4
players: 9
can: 8
encounter: 7
via: 2
glitch.: 3
It: 2
one: 3
most: 3
famous: 2
game: 18
glitches: 5
all: 2
graphical: 4
by: 12
increasing: 2
number: 2
items: 3
sixth: 2
player's: 4
inventory: 2
glitch's: 2
guides: 2
while: 2
Nintendo: 5
warned: 3
that: 25
encountering: 3
may: 4
IGN: 2
MissingNo.'s: 2
Blue: 4
was: 7
commented: 2
on: 9
its: 5
role: 2
Fans: 2
have: 8
attempted: 2
incorporate: 2
as: 30
part: 3
games': 3
actual: 2
impact: 2
gaming: 2
around: 2
it: 8
also: 5
other: 6
games,: 3
such: 7
Vampire: 2
Survivors: 2
The: 9
Binding: 2
==: 14
Game: 3
published: 2
series: 2
with: 12
for: 5
In: 9
these: 2
player: 12
goal: 2
capture: 3
creatures: 2
Pokemon.: 2
abilities: 2
game's: 8
travel: 3
from: 6
not: 7
are: 3
but: 2
events: 2
appear: 2
could: 2
your: 2
or: 4
removed: 2
so: 2
games.: 2
A: 2
Viridian: 2
City: 2
location.: 2
uses: 2
move: 2
Cinnabar: 3
Island: 2
up: 2
generate: 2
invalid: 2
area: 2
within: 2
data: 4
be: 6
encountered: 2
area.: 2
this: 4
used: 2
tutorial,: 2
character's: 5
name: 4
temporarily: 2
read: 3
same: 2
viewing: 2
will: 2
being: 3
method: 2
Pokemon,: 2
MissingNo.,: 2
item: 2
which: 3
another: 2
appears: 2
even: 2
cut: 2
commonly: 2
how: 2
due: 2
game,: 2
later: 2
article,: 3
helped: 2
original: 2
fans: 3
paper,: 2
Bainbridge: 2
his: 4
Wilma: 2
2019: 2
Ars: 2
at: 5
belief: 2
2017: 3
book: 4
character: 2
MissingNo[.]: 2
forms: 2
examined: 2
professor: 2
added: 3
world: 2
Newman: 2
University: 2
Lincoln: 2
fan: 3
theories: 3
related: 2
well: 2
Miscommunications:: 2
Errors,: 2
Mistakes,: 2
Van: 2
De: 2
Nathan: 2
errors: 2
glitched: 2

1554 msno.txt

