Optimus: 203
Prime,: 20
also: 19
known: 6
in: 167
Japan: 2
as: 76
Convoy,: 2
is: 97
a: 196
fictional: 3
character: 10
and: 229
the: 710
protagonist: 3
of: 288
Transformers: 53
franchise.: 2
The: 53
characters: 11
were: 18
developed: 2
for: 60
an: 32
after: 14
Hasbro: 6
1983: 2
was: 67
Prime: 160
dark: 3
toys: 3
comics,: 3
TV: 3
series.: 6
In: 36
extraterrestrial: 2
species: 2
sentient: 3
robotic: 2
other: 28
almost: 3
every: 2
version: 7
leader: 20
Autobots,: 11
faction: 3
who: 24
are: 16
Decepticons,: 6
another: 4
He: 30
by: 78
his: 97
strong: 3
moral: 2
always: 2
portrayed: 2
Decepticon: 16
Megatron.: 6
Over: 2
history: 2
franchise,: 2
has: 18
been: 14
actors: 3
such: 10
Peter: 4
Cullen,: 3
Garry: 3
Chalk,: 3
Neil: 3
Kaplan,: 3
David: 3
Kaye: 2
==: 22
Animated: 6
Orion: 10
if: 3
not: 13
depicted: 3
having: 3
leadership,: 3
sound: 3
military: 5
powerful: 3
to: 242
protect: 4
life: 7
all: 23
Additionally,: 2
with: 73
humans.: 2
As: 11
Matrix: 30
Leadership: 7
transforming: 3
intelligence: 2
from: 46
planet: 8
Cybertron.: 9
Autobots: 49
waging: 2
civil: 2
war: 12
against: 12
robots: 2
called: 7
Decepticons.: 11
series,: 13
being: 8
ancient: 6
race: 2
Primes,: 3
often: 2
receiving: 2
title: 2
"The: 4
Last: 4
Prime": 2
many: 9
which: 20
he: 51
last: 7
Transformers:: 30
it: 24
that: 67
original: 15
Thirteen: 5
created: 5
It: 7
unique: 3
allowed: 2
Primes: 3
their: 21
battle: 15
Unicron.: 5
When: 12
at: 16
ended: 2
new: 26
be: 29
Well: 2
All: 5
one: 18
them,: 4
might: 2
them: 10
more: 12
memory: 2
past: 2
took: 5
name: 2
way: 4
like: 3
any: 3
robot: 10
on: 53
becoming: 2
once: 5
when: 14
Cybertron: 15
faced: 3
enemy: 2
Megatron: 37
army: 5
This: 8
brings: 2
Great: 3
War: 5
Optimus's: 4
can: 14
seen: 2
most: 8
between: 2
various: 5
===: 30
Generation: 13
1: 9
first: 17
generation: 5
transforms: 8
into: 40
cab: 4
over: 4
semi: 2
truck.: 3
Autobot: 33
or: 8
carried: 2
become: 5
trailer: 5
reveal: 2
ion: 3
blaster,: 2
combat: 9
deck: 5
mobile: 2
command: 6
headquarters: 2
weapons: 4
fire: 6
Autobots.: 6
included: 2
scout: 3
buggy: 2
meant: 2
Roller: 4
what: 4
felt: 2
each: 3
others.: 2
destroyed,: 2
could: 7
However,: 12
despite: 2
they: 10
would: 13
able: 9
survive: 2
without: 2
Optimus.: 2
three: 6
humanoid: 2
(which: 2
truck: 6
ride: 2
components: 2
but: 33
far: 3
fiction,: 2
actually: 5
two: 10
accessories: 2
off: 9
mode.: 3
possible: 2
threatened: 2
Aerialbots: 3
had: 21
Shockwave: 6
time: 13
send: 2
back: 11
only: 10
up: 6
changing: 2
revised: 2
began: 4
named: 10
mostly: 2
dock: 2
during: 9
Age: 3
nine: 2
million: 4
years: 4
ago,: 2
Ariel: 2
During: 5
this: 19
time,: 4
flight: 3
appeared: 8
planet,: 4
younger: 2
Megatron,: 14
group: 8
approached: 2
him: 32
about: 4
using: 2
severely: 4
wounded: 2
attacked: 4
order: 3
claim: 2
energy: 10
help: 5
Autobot,: 2
Alpha: 5
used: 7
With: 6
Pax: 2
became: 7
Decepticons: 24
remain: 4
next: 4
years.: 2
headed: 2
mission: 8
search: 4
Elita: 4
return: 6
just: 2
before: 10
Ark,: 2
led: 7
its: 5
Autobots': 3
craft: 3
space: 3
ensuing: 2
pulled: 2
both: 3
down,: 2
ship: 4
Four: 2
Earth: 15
year: 2
computer,: 3
life.: 2
Earth-based: 2
Starscream: 7
upon: 3
ship,: 2
path: 2
restoration: 2
restoring: 3
beginning: 2
Earth.: 9
years,: 2
succeeded: 2
control: 5
Cybertron,: 9
forcing: 3
city: 3
Cybertron's: 3
troops: 3
acquire: 2
however,: 6
plan: 2
run: 2
attack: 4
City.: 2
A: 3
distress: 2
call: 2
summoned: 2
Despite: 3
efforts: 2
role: 5
Ultra: 4
Magnus,: 3
His: 5
later: 12
fell: 4
hands: 2
Galvatron,: 2
recreated: 3
finally: 7
young: 2
Hot: 7
him,: 5
Rod: 5
voice: 10
Rodimus: 9
Instead: 2
giving: 4
decided: 3
take: 5
Magnus: 2
second-in-command.: 2
Later,: 3
those: 3
command,: 2
small: 6
Spike: 3
Witwicky: 3
then: 15
returns: 6
Optimus,: 5
old: 2
does: 4
act: 2
same: 8
appears: 11
go: 2
kill: 2
fly: 2
trap: 4
set: 7
confronts: 3
flashback: 2
lead: 4
trap.: 2
eventually: 7
Matrix.: 2
orders: 6
move: 3
asteroid: 2
where: 8
explosion: 2
seemingly: 3
kills: 7
again.: 3
death: 5
received: 5
negative: 2
so: 4
bring: 3
Return: 2
Prime",: 4
revealed: 2
humans: 2
managed: 3
retrieve: 2
body: 7
destruction: 2
now: 5
strange: 2
released: 11
these: 2
turned: 2
infected: 2
plague: 4
rescue: 4
remaining: 4
After: 12
sacrifice: 2
knowledge: 2
restore: 2
given: 3
it.: 3
While: 4
animated: 5
series: 15
came: 2
end: 7
production: 2
continued: 2
events: 6
entered: 2
even: 3
soon: 2
than: 6
Vector: 5
Sigma: 2
suddenly: 2
returned: 3
exploit: 2
seize: 2
aid: 2
planet.: 4
broke: 2
main: 5
down: 3
searched: 2
Earth,: 5
Sigma,: 2
through: 7
planet's: 2
Trion.: 2
arrived: 4
find: 4
At: 8
Matrix,: 3
Trion: 2
and,: 4
side: 2
defeated: 6
Before: 5
himself: 6
save: 4
sacrificed: 3
himself,: 3
again: 6
make: 5
final: 7
Japanese: 3
available: 5
appearing: 2
Bumblebee: 11
appear: 3
throughout: 2
Galvatron: 4
deep: 2
Robots: 3
Disguise: 2
Convoy: 3
branch: 2
universe.: 3
leads: 4
actor,: 2
Prime.: 10
Fire: 2
forced: 4
arrive: 2
attempts: 3
power: 3
Earth's: 2
universe,: 2
incarnation: 6
transform: 2
Unicron: 5
Trilogy: 2
Energon: 3
actor: 2
voiced: 4
Primal: 2
Beast: 5
appearance: 3
G1: 2
until: 3
design: 7
mode: 5
incarnation,: 2
team: 2
Planet: 3
Cyber: 3
realized: 2
play: 3
film: 12
live-action: 3
films,: 2
long-nose: 2
Peterbilt: 2
379: 2
semi-truck,: 2
body.: 3
Extinction,: 2
gains: 2
form: 6
2014: 2
Western: 2
Star: 2
5700: 2
Prime's: 8
vehicle: 3
red: 5
painted: 2
blue: 3
change: 2
mass: 3
have: 14
form.: 2
Although: 4
some: 7
film,: 6
elements: 2
including: 4
torso,: 2
primarily: 3
chest,: 4
head: 2
iconic: 2
faceplate: 2
include: 2
retractable: 3
energon: 3
extend: 2
axe: 2
wrists.: 2
IDW: 4
ability: 2
holographic: 2
San: 2
third: 2
film.: 4
Cullen: 3
previous: 3
Film: 2
2007: 4
AllSpark.: 2
destroy: 6
use: 4
Sam: 11
Mikaela: 3
battle,: 5
slays: 2
faces: 3
enemy,: 2
match: 2
AllSpark: 3
will: 10
Megatron's: 6
destroying: 2
killing: 5
ends: 3
sending: 3
out: 11
Revenge: 3
Fallen.: 2
part: 8
NEST: 2
engages: 3
Grindor,: 2
resurrected: 3
manages: 3
killed: 6
Leadership.: 3
dead: 3
Jetfire,: 3
reviving: 2
message: 4
space,: 4
hoping: 2
Moon.: 2
receives: 2
own: 2
fighting: 6
Cybertronian: 4
Sentinel: 12
Ironhide,: 2
Space: 2
Bridge: 2
Shockwave,: 2
traitorous: 2
engage: 2
fierce: 2
duel.: 2
upper: 2
attacks: 5
never: 4
long: 5
doesn't: 2
home.: 2
For: 2
initially: 2
turns: 4
Transformers,: 4
Eventually,: 2
themselves: 2
organization: 2
while: 8
Ratchet: 3
Cade: 2
Yeager,: 2
helps: 2
band: 3
Lockdown,: 2
allied: 2
Transformers.: 2
captured: 3
him.: 11
quickly: 2
losing: 2
urging: 2
stay: 2
fight: 5
newly: 3
Grimlock: 2
leaves: 2
five: 2
drifting: 2
Quintessa,: 6
maker: 2
convinces: 2
destroyed: 4
Quintessa: 2
retrieving: 2
her: 4
staff,: 2
she: 4
restored.: 2
Nemesis: 2
succeeds: 2
Bumblebee,: 8
whom: 2
nearly: 4
enough: 3
defeats: 3
still: 2
defeating: 3
surviving: 2
sends: 3
To: 3
buy: 2
fends: 2
Later: 2
She: 2
mission,: 4
alongside: 2
protecting: 2
together: 3
Rise: 2
Wars: 3
cartoon: 2
Studios: 2
Hasbro's: 3
Ironhide: 2
promotion: 2
several: 4
commercials.: 2
along: 3
featured: 4
General: 3
2008: 2
semi-trailer: 3
truck,: 2
makes: 2
Unlike: 2
face: 2
video: 10
game: 14
no: 3
scale: 2
originally: 2
Energon.: 2
takes: 2
full: 2
caused: 2
repair: 2
Ratchet,: 2
cadet: 2
fellow: 2
Omega: 2
among: 6
2010: 4
Primus: 4
warriors: 2
defeat: 5
united: 2
one.: 3
vision: 2
Zeta: 6
data: 2
under: 2
chosen: 2
Council: 3
"Optimus: 2
entrusted: 2
Following: 2
Comics: 3
Marvel: 3
Transformer: 3
made: 3
stop: 3
massive: 2
field: 2
Ark: 4
crashing: 2
Thunderwing,: 3
plunging: 2
Powermaster: 2
process,: 2
minds: 2
Bludgeon's: 2
period: 4
later.: 3
worlds.: 2
visions: 2
discovered: 4
result: 2
Swarm: 2
process.: 3
Though: 2
Simon: 3
Furman's: 2
story: 4
Transforce,: 2
intended: 2
conflict: 2
2: 5
comic: 3
II,: 2
around: 2
making: 2
Predacon: 2
Dreamwave: 3
continuity: 3
taking: 3
informed: 3
evacuation: 2
leave: 2
Dreamwave's: 4
coming: 2
printed: 2
flashbacks: 2
turn: 2
They: 2
reactivate: 2
again,: 2
leading: 2
there: 2
across: 3
cause,: 2
further: 2
Armada: 2
universe: 2
sent: 2
Publishing: 4
Furman: 2
line.: 2
modern: 2
spread: 2
explains: 2
cataclysm: 2
Wreckers,: 2
apocalypse.: 2
unit: 2
Prowl: 2
attempt: 3
rest: 2
Prowl,: 2
Wheeljack: 2
infestation: 2
keep: 2
games: 2
numerous: 2
since: 3
Nintendo: 3
campaign,: 2
playable: 8
2003: 2
PlayStation: 3
Battle: 4
versions: 2
game,: 2
character.: 2
Chapter: 2
4:: 2
Season: 2
added: 2
2009: 2
Allspark.: 5
completes: 2
Jazz: 3
informs: 2
Allspark: 6
free: 2
Allspark,: 3
ground,: 2
meets: 3
tells: 2
Create-A-Bot: 4
lets: 2
fights: 3
telling: 2
home: 2
gives: 2
Evac: 2
too: 3
well: 2
core: 4
piece: 2
transport: 2
game.: 2
figures: 3
toy: 10
Takara's: 2
line: 2
line,: 2
Takara: 3
introduced: 2
Masterpiece: 4
Tomy: 2
2010,: 2
Other: 2
merchandise: 2
PVCs: 2
Collection: 2
Figure": 2
slogan: 2
"More: 2

8875 prime.txt

